Retrieving project…
Deploying noaerth/behindcurtain
Uploading [--------------------] (0.0B/509.4KB)
Uploading [=====---------------] (141.3KB/509.4KB)
Uploading [==========----------] (269.4KB/509.4KB)
Uploading [===============-----] (392.3KB/509.4KB)
Uploading [====================] (509.4KB/509.4KB)
Inspect: https://vercel.com/noaerth/behindcurtain/5dWpgedauycVJNxcYBoq1FrSKpwD [2s]
Production: https://behindcurtain-ptwvy0d1o-noaerth.vercel.app [2s]
https://behindcurtain-ptwvy0d1o-noaerth.vercel.appBuilding...
Building...
Building: Running build in Washington, D.C., USA (East) – iad1
Building: Build machine configuration: 2 cores, 8 GB
Building: Retrieving list of deployment files...
Building: Downloading 41 deployment files...
Building: Restored build cache from previous deployment (2JLRYg2CBeVZv9n9JVMvTUhePLTw)
Building: Running "vercel build"
Building: Vercel CLI 50.38.2
Building: Installing dependencies...
Building: added 6 packages in 3s
Building: 147 packages are looking for funding
Building: run `npm fund` for details
Building: Detected Next.js version: 16.2.0
Building: Running "npm run build"
Building: > behindcurtain@0.1.0 build
Building: > next build
Building: ⚠ `eslint` configuration in next.config.ts is no longer supported. See more info here: https://nextjs.org/docs/app/api-reference/cli/next#next-lint-options
Building: ⚠ Invalid next.config.ts options detected:
Building: ⚠     Unrecognized key(s) in object: 'eslint'
Building: ⚠ See more info here: https://nextjs.org/docs/messages/invalid-next-config
Building: ▲ Next.js 16.2.0 (Turbopack)
Building: Creating an optimized production build ...
Building: ✓ Compiled successfully in 8.4s
Building: Skipping validation of types
Building: Finished TypeScript config validation in 16ms ...
Building: Collecting page data using 1 worker ...
Building: Generating static pages using 1 worker (0/6) ...
Building: Generating static pages using 1 worker (1/6)
Building: Generating static pages using 1 worker (2/6)
Building: Generating static pages using 1 worker (4/6)
Building: ✓ Generating static pages using 1 worker (6/6) in 213ms
Building: Finalizing page optimization ...
Building: Running onBuildComplete from Vercel
Building: Route (app)
Building: ┌ ○ /
Building: ├ ○ /_not-found
Building: ├ ○ /admin
Building: ├ ○ /explorer
Building: └ ƒ /profiles/[slug]
Building: ○  (Static)   prerendered as static content
Building: ƒ  (Dynamic)  server-rendered on demand
Building: Build Completed in /vercel/output [14s]
Building: Deploying outputs...
Building: Deployment completed
Building: Creating build cache...
[2K[1A[2K[GProduction: https://behindcurtain-ptwvy0d1o-noaerth.vercel.app [34s]
Completing...
Aliased: https://behindcurtain.vercel.app [34s]
